════════════════════════════════════════════════════════
  MENCARI FILE POC BERDASARKAN TANGGAL (SEKITAR TGL 21)
════════════════════════════════════════════════════════

[1] Mencari file script yang dimodifikasi bulan ini...
-rw-rw-rw- 1 codespace root 356 Aug 22 10:36 /workspaces/cdk/db/interface.go
-rw-rw-rw- 1 codespace root 1488 Aug 22 10:36 /workspaces/cdk/db/migrations.go
-rw-rw-rw- 1 codespace root 496 Aug 22 10:36 /workspaces/cdk/db/sqlite.go
-rw-rw-rw- 1 codespace root 86 Aug 22 10:36 /workspaces/cdk/db/types/types.go
-rw-rw-rw- 1 codespace root 1138 Aug 22 10:36 /workspaces/cdk/db/meddler_test.go
-rw-rw-rw- 1 codespace root 7248 Aug 22 10:36 /workspaces/cdk/db/meddler.go
-rw-rw-rw- 1 codespace root 970 Aug 22 10:36 /workspaces/cdk/db/tx.go
-rw-rw-rw- 1 codespace root 941 Aug 22 10:36 /workspaces/cdk/log/log_test.go
-rw-rw-rw- 1 codespace root 8841 Aug 22 10:36 /workspaces/cdk/log/log.go
-rw-rw-rw- 1 codespace root 814 Aug 22 10:36 /workspaces/cdk/log/config.go
-rw-rw-rw- 1 codespace root 7204 Aug 22 10:36 /workspaces/cdk/bridgesync/bridgesync.go
-rw-rw-rw- 1 codespace root 11336 Aug 22 10:36 /workspaces/cdk/bridgesync/processor.go
-rw-rw-rw- 1 codespace root 8838 Aug 22 10:36 /workspaces/cdk/bridgesync/downloader.go
-rw-rw-rw- 1 codespace root 460 Aug 22 10:36 /workspaces/cdk/bridgesync/migrations/migrations.go
-rw-rw-rw- 1 codespace root 1246 Aug 22 10:36 /workspaces/cdk/bridgesync/migrations/bridgesync0001_test.go
-rw-rw-rw- 1 codespace root 56390 Aug 22 10:36 /workspaces/cdk/bridgesync/claimcalldata_test.go
-rw-rw-rw- 1 codespace root 3435 Aug 22 10:36 /workspaces/cdk/bridgesync/e2e_test.go
-rw-rw-rw- 1 codespace root 1607 Aug 22 10:36 /workspaces/cdk/bridgesync/config.go
-rw-rw-rw- 1 codespace root 536 Aug 22 10:36 /workspaces/cdk/bridgesync/docker-compose.yml
-rw-rw-rw- 1 codespace root 4426 Aug 22 10:36 /workspaces/cdk/bridgesync/mocks/reorg_detector.go
-rw-rw-rw- 1 codespace root 35652 Aug 22 10:36 /workspaces/cdk/bridgesync/mocks/eth_clienter.go
-rw-rw-rw- 1 codespace root 14567 Aug 22 10:36 /workspaces/cdk/bridgesync/mock_l2_test.go
-rw-rw-rw- 1 codespace root 4019 Aug 22 10:36 /workspaces/cdk/bridgesync/bridgesync_test.go
-rw-rw-rw- 1 codespace root 22910 Aug 22 10:36 /workspaces/cdk/bridgesync/processor_test.go
-rw-rw-rw- 1 codespace root 1652 Aug 22 10:36 /workspaces/cdk/rpc/bridge_interfaces.go
-rw-rw-rw- 1 codespace root 12311 Aug 22 10:36 /workspaces/cdk/rpc/bridge_test.go
-rw-rw-rw- 1 codespace root 256 Aug 22 10:36 /workspaces/cdk/rpc/types/bridge.go
-rw-rw-rw- 1 codespace root 3673 Aug 22 10:36 /workspaces/cdk/rpc/types/rpcbatch.go
-rw-rw-rw- 1 codespace root 8548 Aug 22 10:36 /workspaces/cdk/rpc/batch_test.go
-rw-rw-rw- 1 codespace root 12257 Aug 22 10:36 /workspaces/cdk/rpc/bridge.go
-rw-rw-rw- 1 codespace root 4019 Aug 22 10:36 /workspaces/cdk/rpc/mocks/claim_sponsorer.go
-rw-rw-rw- 1 codespace root 10804 Aug 22 10:36 /workspaces/cdk/rpc/mocks/client_interface.go
-rw-rw-rw- 1 codespace root 2423 Aug 22 10:36 /workspaces/cdk/rpc/mocks/client_factory_interface.go
-rw-rw-rw- 1 codespace root 11236 Aug 22 10:36 /workspaces/cdk/rpc/mocks/bridge_client_interface.go
-rw-rw-rw- 1 codespace root 20796 Aug 22 10:36 /workspaces/cdk/rpc/mocks/l1_info_treer.go
-rw-rw-rw- 1 codespace root 4658 Aug 22 10:36 /workspaces/cdk/rpc/mocks/bridger.go
-rw-rw-rw- 1 codespace root 3139 Aug 22 10:36 /workspaces/cdk/rpc/mocks/last_ge_rer.go
-rw-rw-rw- 1 codespace root 3870 Aug 22 10:36 /workspaces/cdk/rpc/client/bridge.go
-rw-rw-rw- 1 codespace root 815 Aug 22 10:36 /workspaces/cdk/rpc/client/client.go
-rw-rw-rw- 1 codespace root 4789 Aug 22 10:36 /workspaces/cdk/rpc/batch.go
-rw-rw-rw- 1 codespace root 6492 Aug 22 10:36 /workspaces/cdk/merkletree/split_test.go
-rw-rw-rw- 1 codespace root 514 Aug 22 10:36 /workspaces/cdk/merkletree/leaf.go
-rw-rw-rw- 1 codespace root 3645 Aug 22 10:36 /workspaces/cdk/merkletree/key_test.go
-rw-rw-rw- 1 codespace root 5388 Aug 22 10:36 /workspaces/cdk/merkletree/key.go
-rw-rw-rw- 1 codespace root 2864 Aug 22 10:36 /workspaces/cdk/merkletree/split.go
-rw-rw-rw- 1 codespace root 10402 Aug 22 10:36 /workspaces/cdk/config/default.go
-rw-rw-rw- 1 codespace root 1844 Aug 22 10:36 /workspaces/cdk/config/network.go
-rw-rw-rw- 1 codespace root 9107 Aug 22 10:36 /workspaces/cdk/config/config_render_test.go
-rw-rw-rw- 1 codespace root 905 Aug 22 10:36 /workspaces/cdk/config/types/duration.go
-rw-rw-rw- 1 codespace root 334 Aug 22 10:36 /workspaces/cdk/config/types/keystore.go
-rw-rw-rw- 1 codespace root 1123 Aug 22 10:36 /workspaces/cdk/config/types/duration_test.go
-rw-rw-rw- 1 codespace root 11019 Aug 22 10:36 /workspaces/cdk/config/config.go
-rw-rw-rw- 1 codespace root 9320 Aug 22 10:36 /workspaces/cdk/config/config_render.go
-rw-rw-rw- 1 codespace root 4819 Aug 22 10:36 /workspaces/cdk/config/config_test.go
-rw-rw-rw- 1 codespace root 2459 Aug 22 10:36 /workspaces/cdk/cmd/main.go
-rw-rw-rw- 1 codespace root 22469 Aug 22 10:36 /workspaces/cdk/cmd/run.go
-rw-rw-rw- 1 codespace root 179 Aug 22 10:36 /workspaces/cdk/cmd/version.go
-rw-rw-rw- 1 codespace root 2804 Aug 22 10:36 /workspaces/cdk/.github/workflows/test-e2e-pp.yml
-rw-rw-rw- 1 codespace root 422 Aug 22 10:36 /workspaces/cdk/.github/workflows/lint-pr.yml
-rw-rw-rw- 1 codespace root 2805 Aug 22 10:36 /workspaces/cdk/.github/workflows/x86_deb_packager.yml
-rw-rw-rw- 1 codespace root 3726 Aug 22 10:36 /workspaces/cdk/.github/workflows/release.yml
-rw-rw-rw- 1 codespace root 4058 Aug 22 10:36 /workspaces/cdk/.github/workflows/arm_rpm_packager.yml
-rw-rw-rw- 1 codespace root 2820 Aug 22 10:36 /workspaces/cdk/.github/workflows/arm_deb_packager.yml
-rw-rw-rw- 1 codespace root 936 Aug 22 10:36 /workspaces/cdk/.github/workflows/test-unit.yml
-rw-rw-rw- 1 codespace root 1126 Aug 22 10:36 /workspaces/cdk/.github/workflows/codeql.yml
-rw-rw-rw- 1 codespace root 2882 Aug 22 10:36 /workspaces/cdk/.github/workflows/test-e2e.yml
-rw-rw-rw- 1 codespace root 1989 Aug 22 10:36 /workspaces/cdk/.github/workflows/test-e2e-multi_pp.yml
-rw-rw-rw- 1 codespace root 1732 Aug 22 10:36 /workspaces/cdk/.github/workflows/mdbook.yml
-rw-rw-rw- 1 codespace root 500 Aug 22 10:36 /workspaces/cdk/.github/workflows/lint.yml
-rw-rw-rw- 1 codespace root 3140 Aug 22 10:36 /workspaces/cdk/.github/workflows/test-resequence.yml
-rw-rw-rw- 1 codespace root 4031 Aug 22 10:36 /workspaces/cdk/.github/workflows/x86_rpm_packager.yml
-rw-rw-rw- 1 codespace root 163 Aug 22 10:36 /workspaces/cdk/.github/dependabot.yml
-rw-rw-rw- 1 codespace root 1868 Aug 22 10:36 /workspaces/cdk/tree/testvectors/types.go
-rw-rw-rw- 1 codespace root 3330 Aug 22 10:36 /workspaces/cdk/tree/appendonlytree.go
-rw-rw-rw- 1 codespace root 323 Aug 22 10:36 /workspaces/cdk/tree/migrations/migrations.go
-rw-rw-rw- 1 codespace root 1722 Aug 22 10:36 /workspaces/cdk/tree/updatabletree.go
-rw-rw-rw- 1 codespace root 1320 Aug 22 10:36 /workspaces/cdk/tree/updatabletree_test.go
-rw-rw-rw- 1 codespace root 566 Aug 22 10:36 /workspaces/cdk/tree/types/types.go
-rw-rw-rw- 1 codespace root 6303 Aug 22 10:36 /workspaces/cdk/tree/tree_test.go
-rw-rw-rw- 1 codespace root 7373 Aug 22 10:36 /workspaces/cdk/tree/tree.go
-rw-rw-rw- 1 codespace root 4160 Aug 22 10:36 /workspaces/cdk/agglayer/errors_test.go
-rw-rw-rw- 1 codespace root 25715 Aug 22 10:36 /workspaces/cdk/agglayer/types.go
-rw-rw-rw- 1 codespace root 1531 Aug 22 10:36 /workspaces/cdk/agglayer/types_helpers_test.go
-rw-rw-rw- 1 codespace root 5679 Aug 22 10:36 /workspaces/cdk/agglayer/client_test.go
-rw-rw-rw- 1 codespace root 5170 Aug 22 10:36 /workspaces/cdk/agglayer/client.go
-rw-rw-rw- 1 codespace root 11848 Aug 22 10:36 /workspaces/cdk/agglayer/mock_agglayer_client.go
-rw-rw-rw- 1 codespace root 62863 Aug 22 10:36 /workspaces/cdk/agglayer/types_test.go
-rw-rw-rw- 1 codespace root 1736 Aug 22 10:36 /workspaces/cdk/agglayer/tx.go
-rw-rw-rw- 1 codespace root 12709 Aug 22 10:36 /workspaces/cdk/sequencesender/ethtx.go
-rw-rw-rw- 1 codespace root 21040 Aug 22 10:36 /workspaces/cdk/sequencesender/ethtx_test.go
-rw-rw-rw- 1 codespace root 17788 Aug 22 10:36 /workspaces/cdk/sequencesender/sequencesender_test.go
-rw-rw-rw- 1 codespace root 18976 Aug 22 10:36 /workspaces/cdk/sequencesender/sequencesender.go
-rw-rw-rw- 1 codespace root 3656 Aug 22 10:36 /workspaces/cdk/sequencesender/config.go
-rw-rw-rw- 1 codespace root 8399 Aug 22 10:36 /workspaces/cdk/sequencesender/mocks/mock_etherman.go
-rw-rw-rw- 1 codespace root 10583 Aug 22 10:36 /workspaces/cdk/sequencesender/mocks/mock_ethtxmanager.go
-rw-rw-rw- 1 codespace root 4398 Aug 22 10:36 /workspaces/cdk/sequencesender/mocks/mock_rpc.go
-rw-rw-rw- 1 codespace root 12761 Aug 22 10:36 /workspaces/cdk/sequencesender/mocks/mock_txbuilder.go
-rw-rw-rw- 1 codespace root 898 Aug 22 10:36 /workspaces/cdk/sequencesender/seqsendertypes/types.go
-rw-rw-rw- 1 codespace root 1511 Aug 22 10:36 /workspaces/cdk/sequencesender/txbuilder/interface.go
-rw-rw-rw- 1 codespace root 1559 Aug 22 10:36 /workspaces/cdk/sequencesender/txbuilder/interface_test.go
-rw-rw-rw- 1 codespace root 4970 Aug 22 10:36 /workspaces/cdk/sequencesender/txbuilder/banana_types.go
-rw-rw-rw- 1 codespace root 2963 Aug 22 10:36 /workspaces/cdk/sequencesender/txbuilder/elderberry_base_test.go
-rw-rw-rw- 1 codespace root 3837 Aug 22 10:36 /workspaces/cdk/sequencesender/txbuilder/elderberry_zkevm_test.go
-rw-rw-rw- 1 codespace root 8469 Aug 22 10:36 /workspaces/cdk/sequencesender/txbuilder/banana_base.go
-rw-rw-rw- 1 codespace root 5263 Aug 22 10:36 /workspaces/cdk/sequencesender/txbuilder/banana_zkevm_test.go
-rw-rw-rw- 1 codespace root 5180 Aug 22 10:36 /workspaces/cdk/sequencesender/txbuilder/banana_validium.go
-rw-rw-rw- 1 codespace root 4281 Aug 22 10:36 /workspaces/cdk/sequencesender/txbuilder/elderberry_validium_test.go
-rw-rw-rw- 1 codespace root 6513 Aug 22 10:36 /workspaces/cdk/sequencesender/txbuilder/banana_base_test.go
-rw-rw-rw- 1 codespace root 4115 Aug 22 10:36 /workspaces/cdk/sequencesender/txbuilder/zkevm_cond_max_size_test.go
-rw-rw-rw- 1 codespace root 4873 Aug 22 10:36 /workspaces/cdk/sequencesender/txbuilder/elderberry_validium.go
-rw-rw-rw- 1 codespace root 5508 Aug 22 10:36 /workspaces/cdk/sequencesender/txbuilder/banana_validium_test.go
-rw-rw-rw- 1 codespace root 1777 Aug 22 10:36 /workspaces/cdk/sequencesender/txbuilder/elderberry_base.go
-rw-rw-rw- 1 codespace root 3760 Aug 22 10:36 /workspaces/cdk/sequencesender/txbuilder/elderberry_zkevm.go
-rw-rw-rw- 1 codespace root 1819 Aug 22 10:36 /workspaces/cdk/sequencesender/txbuilder/validium_cond_num_batches_test.go
-rw-rw-rw- 1 codespace root 1779 Aug 22 10:36 /workspaces/cdk/sequencesender/txbuilder/elderberry_types.go
-rw-rw-rw- 1 codespace root 3919 Aug 22 10:36 /workspaces/cdk/sequencesender/txbuilder/banana_zkevm.go
-rw-rw-rw- 1 codespace root 12427 Aug 22 10:36 /workspaces/cdk/sequencesender/txbuilder/mocks_txbuilder/tx_builder.go
-rw-rw-rw- 1 codespace root 2691 Aug 22 10:36 /workspaces/cdk/sequencesender/txbuilder/mocks_txbuilder/l1_client.go
-rw-rw-rw- 1 codespace root 6882 Aug 22 10:36 /workspaces/cdk/sequencesender/txbuilder/mocks_txbuilder/rollup_banana_zkevm_contractor.go
-rw-rw-rw- 1 codespace root 3996 Aug 22 10:36 /workspaces/cdk/sequencesender/txbuilder/mocks_txbuilder/cond_new_sequence.go
-rw-rw-rw- 1 codespace root 2908 Aug 22 10:36 /workspaces/cdk/sequencesender/txbuilder/mocks_txbuilder/rollup_banana_base_contractor.go
-rw-rw-rw- 1 codespace root 4990 Aug 22 10:36 /workspaces/cdk/sequencesender/txbuilder/mocks_txbuilder/l1_info_syncer.go
-rw-rw-rw- 1 codespace root 7513 Aug 22 10:36 /workspaces/cdk/sequencesender/txbuilder/mocks_txbuilder/rollup_banana_validium_contractor.go
-rw-rw-rw- 1 codespace root 5355 Aug 22 10:36 /workspaces/cdk/sequencesender/txbuilder/mocks_txbuilder/rollup_elderberry_validium_contractor.go
-rw-rw-rw- 1 codespace root 4582 Aug 22 10:36 /workspaces/cdk/sequencesender/txbuilder/mocks_txbuilder/global_exit_root_banana_zkevm_contractor.go
-rw-rw-rw- 1 codespace root 4402 Aug 22 10:36 /workspaces/cdk/sequencesender/txbuilder/mocks_txbuilder/global_exit_root_banana_contractor.go
-rw-rw-rw- 1 codespace root 4760 Aug 22 10:36 /workspaces/cdk/sequencesender/txbuilder/mocks_txbuilder/rollup_elderberry_zkevm_contractor.go
-rw-rw-rw- 1 codespace root 4289 Aug 22 10:36 /workspaces/cdk/sequencesender/txbuilder/zkevm_cond_max_size.go
-rw-rw-rw- 1 codespace root 1028 Aug 22 10:36 /workspaces/cdk/sequencesender/txbuilder/validium_cond_num_batches.go
-rw-rw-rw- 1 codespace root 15192 Aug 22 10:36 /workspaces/cdk/sync/evmdownloader_test.go
-rw-rw-rw- 1 codespace root 4554 Aug 22 10:36 /workspaces/cdk/sync/mock_reorgdetector_test.go
-rw-rw-rw- 1 codespace root 641 Aug 22 10:36 /workspaces/cdk/sync/common.go
-rw-rw-rw- 1 codespace root 354 Aug 22 10:36 /workspaces/cdk/sync/evmtypes.go
-rw-rw-rw- 1 codespace root 12851 Aug 22 10:36 /workspaces/cdk/sync/evmdownloader.go
-rw-rw-rw- 1 codespace root 452 Aug 22 10:36 /workspaces/cdk/sync/driver.go
-rw-rw-rw- 1 codespace root 5480 Aug 22 10:36 /workspaces/cdk/sync/mock_processor_test.go
-rw-rw-rw- 1 codespace root 9976 Aug 22 10:36 /workspaces/cdk/sync/mock_evm_downloader_test.go
-rw-rw-rw- 1 codespace root 4899 Aug 22 10:36 /workspaces/cdk/sync/evmdriver.go
-rw-rw-rw- 1 codespace root 2211 Aug 22 10:36 /workspaces/cdk/sync/mock_downloader_test.go
-rw-rw-rw- 1 codespace root 33338 Aug 22 10:36 /workspaces/cdk/sync/mock_l2_test.go
-rw-rw-rw- 1 codespace root 6582 Aug 22 10:36 /workspaces/cdk/sync/evmdriver_test.go
-rw-rw-rw- 1 codespace root 1932 Aug 22 10:36 /workspaces/cdk/etherman/contracts/contracts_banana.go
-rw-rw-rw- 1 codespace root 2037 Aug 22 10:36 /workspaces/cdk/etherman/contracts/contracts_elderberry.go
-rw-rw-rw- 1 codespace root 1554 Aug 22 10:36 /workspaces/cdk/etherman/contracts/base.go
-rw-rw-rw- 1 codespace root 585 Aug 22 10:36 /workspaces/cdk/etherman/contracts/base_test.go
-rw-rw-rw- 1 codespace root 468 Aug 22 10:36 /workspaces/cdk/etherman/contracts/types.go
-rw-rw-rw- 1 codespace root 698 Aug 22 10:36 /workspaces/cdk/etherman/contracts/contracts.go
-rw-rw-rw- 1 codespace root 842 Aug 22 10:36 /workspaces/cdk/etherman/errors_test.go
-rw-rw-rw- 1 codespace root 5407 Aug 22 10:36 /workspaces/cdk/etherman/types.go
-rw-rw-rw- 1 codespace root 1117 Aug 22 10:36 /workspaces/cdk/etherman/config/config.go
-rw-rw-rw- 1 codespace root 2611 Aug 22 10:36 /workspaces/cdk/etherman/errors.go
-rw-rw-rw- 1 codespace root 3762 Aug 22 10:36 /workspaces/cdk/etherman/aggregator.go
-rw-rw-rw- 1 codespace root 16641 Aug 22 10:36 /workspaces/cdk/etherman/etherman.go
-rw-rw-rw- 1 codespace root 3740 Aug 22 10:36 /workspaces/cdk/l1infotreesync/processor_verifybatches_test.go
-rw-rw-rw- 1 codespace root 3641 Aug 22 10:36 /workspaces/cdk/l1infotreesync/processor_verifybatches.go
-rw-rw-rw- 1 codespace root 8415 Aug 22 10:36 /workspaces/cdk/l1infotreesync/l1infotreesync.go
-rw-rw-rw- 1 codespace root 15480 Aug 22 10:36 /workspaces/cdk/l1infotreesync/processor.go
-rw-rw-rw- 1 codespace root 6768 Aug 22 10:36 /workspaces/cdk/l1infotreesync/downloader.go
-rw-rw-rw- 1 codespace root 1005 Aug 22 10:36 /workspaces/cdk/l1infotreesync/migrations/migrations.go
-rw-rw-rw- 1 codespace root 2225 Aug 22 10:36 /workspaces/cdk/l1infotreesync/downloader_test.go
-rw-rw-rw- 1 codespace root 13639 Aug 22 10:36 /workspaces/cdk/l1infotreesync/e2e_test.go
-rw-rw-rw- 1 codespace root 1091 Aug 22 10:36 /workspaces/cdk/l1infotreesync/config.go
-rw-rw-rw- 1 codespace root 4643 Aug 22 10:36 /workspaces/cdk/l1infotreesync/l1infotreesync_test.go
-rw-rw-rw- 1 codespace root 34489 Aug 22 10:36 /workspaces/cdk/l1infotreesync/mocks/eth_clienter.go
-rw-rw-rw- 1 codespace root 4570 Aug 22 10:36 /workspaces/cdk/l1infotreesync/mocks/mock_reorgdetector.go
-rw-rw-rw- 1 codespace root 1013 Aug 22 10:36 /workspaces/cdk/l1infotreesync/processor_initl1inforootmap.go
-rw-rw-rw- 1 codespace root 10947 Aug 22 10:36 /workspaces/cdk/l1infotreesync/processor_test.go
-rw-rw-rw- 1 codespace root 1917 Aug 22 10:36 /workspaces/cdk/l1infotreesync/processor_initl1inforootmap_test.go
-rw-rw-rw- 1 codespace root 3077 Aug 22 10:36 /workspaces/cdk/.golangci.yml
-rw-rw-rw- 1 codespace root 0 Aug 22 10:36 /workspaces/cdk/build/docker-compose.yml
-rw-rw-rw- 1 codespace root 2935925 Aug 22 10:36 /workspaces/cdk/docs/assets/mermaid.min.js
-rw-rw-rw- 1 codespace root 40 Aug 22 10:36 /workspaces/cdk/docs/assets/mermaid-init.js
-rw-rw-rw- 1 codespace root 3420 Aug 22 10:36 /workspaces/cdk/common/common.go
-rw-rw-rw- 1 codespace root 548 Aug 22 10:36 /workspaces/cdk/common/config.go
-rw-rw-rw- 1 codespace root 757 Aug 22 10:36 /workspaces/cdk/common/components.go
-rw-rw-rw- 1 codespace root 1543 Aug 22 10:36 /workspaces/cdk/common/common_test.go
-rw-rw-rw- 1 codespace root 2913 Aug 22 10:36 /workspaces/cdk/aggregator/db/migrations.go
-rw-rw-rw- 1 codespace root 10827 Aug 22 10:36 /workspaces/cdk/aggregator/db/dbstorage/proof.go
-rw-rw-rw- 1 codespace root 587 Aug 22 10:36 /workspaces/cdk/aggregator/db/dbstorage/sequence.go
-rw-rw-rw- 1 codespace root 624 Aug 22 10:36 /workspaces/cdk/aggregator/db/dbstorage/dbstorage.go
-rw-rw-rw- 1 codespace root 3949 Aug 22 10:36 /workspaces/cdk/aggregator/db/dbstorage/proof_test.go
-rw-rw-rw- 1 codespace root 500 Aug 22 10:36 /workspaces/cdk/aggregator/db/logger.go
-rw-rw-rw- 1 codespace root 706 Aug 22 10:36 /workspaces/cdk/aggregator/db/migrations_test.go
-rw-rw-rw- 1 codespace root 76497 Aug 22 10:36 /workspaces/cdk/aggregator/aggregator_test.go
-rw-rw-rw- 1 codespace root 4972 Aug 22 10:36 /workspaces/cdk/aggregator/prover/aggregator_grpc.pb.go
-rw-rw-rw- 1 codespace root 109971 Aug 22 10:36 /workspaces/cdk/aggregator/prover/aggregator.pb.go
-rw-rw-rw- 1 codespace root 10548 Aug 22 10:36 /workspaces/cdk/aggregator/prover/mocks/mock_channel.go
-rw-rw-rw- 1 codespace root 3490 Aug 22 10:36 /workspaces/cdk/aggregator/prover/prover_test.go
-rw-rw-rw- 1 codespace root 15163 Aug 22 10:36 /workspaces/cdk/aggregator/prover/prover.go
-rw-rw-rw- 1 codespace root 221 Aug 22 10:36 /workspaces/cdk/aggregator/ethmantypes/finalproofinputs.go
-rw-rw-rw- 1 codespace root 5285 Aug 22 10:36 /workspaces/cdk/aggregator/config.go
-rw-rw-rw- 1 codespace root 54730 Aug 22 10:36 /workspaces/cdk/aggregator/aggregator.go
-rw-rw-rw- 1 codespace root 10343 Aug 22 10:36 /workspaces/cdk/aggregator/mocks/mock_txer.go
-rw-rw-rw- 1 codespace root 15865 Aug 22 10:36 /workspaces/cdk/aggregator/mocks/mock_prover.go
-rw-rw-rw- 1 codespace root 12740 Aug 22 10:36 /workspaces/cdk/aggregator/mocks/mock_etherman.go
-rw-rw-rw- 1 codespace root 25567 Aug 22 10:36 /workspaces/cdk/aggregator/mocks/mock_synchronizer.go
-rw-rw-rw- 1 codespace root 21118 Aug 22 10:36 /workspaces/cdk/aggregator/mocks/mock_eth_tx_manager.go
-rw-rw-rw- 1 codespace root 25452 Aug 22 10:36 /workspaces/cdk/aggregator/mocks/mock_storage.go
-rw-rw-rw- 1 codespace root 4397 Aug 22 10:36 /workspaces/cdk/aggregator/mocks/mock_rpc.go
-rw-rw-rw- 1 codespace root 4163 Aug 22 10:36 /workspaces/cdk/aggregator/interfaces.go
-rw-rw-rw- 1 codespace root 1345 Aug 22 10:36 /workspaces/cdk/state/types.go
-rw-rw-rw- 1 codespace root 341 Aug 22 10:36 /workspaces/cdk/state/forkid.go
-rw-rw-rw- 1 codespace root 6762 Aug 22 10:36 /workspaces/cdk/state/helper.go
-rw-rw-rw- 1 codespace root 13245 Aug 22 10:36 /workspaces/cdk/state/encoding_batch_v2.go
-rw-rw-rw- 1 codespace root 4541 Aug 22 10:36 /workspaces/cdk/state/errors.go
-rw-rw-rw- 1 codespace root 788 Aug 22 10:36 /workspaces/cdk/state/genesis.go
-rw-rw-rw- 1 codespace root 36710 Aug 22 10:36 /workspaces/cdk/state/datastream/datastream.pb.go
-rw-rw-rw- 1 codespace root 841 Aug 22 10:36 /workspaces/cdk/state/batch.go
-rw-rw-rw- 1 codespace root 2100 Aug 22 10:36 /workspaces/cdk/state/transaction.go
-rw-rw-rw- 1 codespace root 9978 Aug 22 10:36 /workspaces/cdk/state/encoding_batch_v2_test.go
-rw-rw-rw- 1 codespace root 629 Aug 22 10:36 /workspaces/cdk/l1infotree/hash_test.go
-rw-rw-rw- 1 codespace root 1210 Aug 22 10:36 /workspaces/cdk/l1infotree/hash.go
-rw-rw-rw- 1 codespace root 7888 Aug 22 10:36 /workspaces/cdk/l1infotree/tree_test.go
-rw-rw-rw- 1 codespace root 6005 Aug 22 10:36 /workspaces/cdk/l1infotree/tree.go
-rw-rw-rw- 1 codespace root 989 Aug 22 10:36 /workspaces/cdk/aggoracle/e2e_test.go
-rw-rw-rw- 1 codespace root 842 Aug 22 10:36 /workspaces/cdk/aggoracle/config.go
-rw-rw-rw- 1 codespace root 9445 Aug 22 10:36 /workspaces/cdk/aggoracle/mocks/mock_ethtxmanager.go
-rw-rw-rw- 1 codespace root 2844 Aug 22 10:36 /workspaces/cdk/aggoracle/mocks/mock_l2germanager.go
-rw-rw-rw- 1 codespace root 4584 Aug 22 10:36 /workspaces/cdk/aggoracle/chaingersender/evm.go
-rw-rw-rw- 1 codespace root 4476 Aug 22 10:36 /workspaces/cdk/aggoracle/chaingersender/evm_test.go
-rw-rw-rw- 1 codespace root 3916 Aug 22 10:36 /workspaces/cdk/aggoracle/oracle.go
-rw-rw-rw- 1 codespace root 342 Aug 22 10:36 /workspaces/cdk/claimsponsor/migrations/migrations.go
-rw-rw-rw- 1 codespace root 7248 Aug 22 10:36 /workspaces/cdk/claimsponsor/evmclaimsponsor.go
-rw-rw-rw- 1 codespace root 3501 Aug 22 10:36 /workspaces/cdk/claimsponsor/e2e_test.go
-rw-rw-rw- 1 codespace root 6987 Aug 22 10:36 /workspaces/cdk/claimsponsor/claimsponsor.go
-rw-rw-rw- 1 codespace root 3577 Aug 22 10:36 /workspaces/cdk/tools/aggsender_find_imported_bridge/aggsender_find_imported_bridge.go
-rw-rw-rw- 1 codespace root 1803 Aug 22 10:36 /workspaces/cdk/translator/translator_impl.go
-rw-rw-rw- 1 codespace root 101 Aug 22 10:36 /workspaces/cdk/translator/translator.go
-rw-rw-rw- 1 codespace root 281 Aug 22 10:36 /workspaces/cdk/translator/config.go
-rw-rw-rw- 1 codespace root 2844 Aug 22 10:36 /workspaces/cdk/hex/hex.go
-rw-rw-rw- 1 codespace root 1027 Aug 22 10:36 /workspaces/cdk/hex/hex_test.go
-rw-rw-rw- 1 codespace root 1230 Aug 22 10:36 /workspaces/cdk/scripts/run_template.go
-rw-rw-rw- 1 codespace root 3637 Aug 22 10:36 /workspaces/cdk/lastgersync/processor.go
-rw-rw-rw- 1 codespace root 340 Aug 22 10:36 /workspaces/cdk/lastgersync/migrations/migrations.go
-rw-rw-rw- 1 codespace root 4386 Aug 22 10:36 /workspaces/cdk/lastgersync/evmdownloader.go
-rw-rw-rw- 1 codespace root 1827 Aug 22 10:36 /workspaces/cdk/lastgersync/e2e_test.go
-rw-rw-rw- 1 codespace root 1690 Aug 22 10:36 /workspaces/cdk/lastgersync/config.go
-rw-rw-rw- 1 codespace root 1847 Aug 22 10:36 /workspaces/cdk/lastgersync/lastgersync.go
-rw-rw-rw- 1 codespace root 1054 Aug 22 10:36 /workspaces/cdk/version.go
-rw-rw-rw- 1 codespace root 925 Aug 22 10:36 /workspaces/cdk/dataavailability/dataavailability.go
-rw-rw-rw- 1 codespace root 255 Aug 22 10:36 /workspaces/cdk/dataavailability/config.go
-rw-rw-rw- 1 codespace root 3888 Aug 22 10:36 /workspaces/cdk/dataavailability/datacommittee/datacommittee_test.go
-rw-rw-rw- 1 codespace root 12728 Aug 22 10:36 /workspaces/cdk/dataavailability/datacommittee/datacommittee.go
-rw-rw-rw- 1 codespace root 3136 Aug 22 10:36 /workspaces/cdk/dataavailability/mocks_da/sequence_sender_elderberry.go
-rw-rw-rw- 1 codespace root 8177 Aug 22 10:36 /workspaces/cdk/dataavailability/mocks_da/da_backender.go
-rw-rw-rw- 1 codespace root 7206 Aug 22 10:36 /workspaces/cdk/dataavailability/mocks_da/data_manager.go
-rw-rw-rw- 1 codespace root 3224 Aug 22 10:36 /workspaces/cdk/dataavailability/mocks_da/sequence_retriever.go
-rw-rw-rw- 1 codespace root 3109 Aug 22 10:36 /workspaces/cdk/dataavailability/mocks_da/sequence_sender_banana.go
-rw-rw-rw- 1 codespace root 3249 Aug 22 10:36 /workspaces/cdk/dataavailability/mocks_da/batch_data_provider.go
-rw-rw-rw- 1 codespace root 2363 Aug 22 10:36 /workspaces/cdk/dataavailability/mocks_da/func_sign_type.go
-rw-rw-rw- 1 codespace root 5007 Aug 22 10:36 /workspaces/cdk/dataavailability/mocks_da/sequence_sender.go
-rw-rw-rw- 1 codespace root 1979 Aug 22 10:36 /workspaces/cdk/dataavailability/interfaces.go
-rw-rw-rw- 1 codespace root 402 Aug 22 10:36 /workspaces/cdk/aggsender/db/migrations/migrations.go
-rw-rw-rw- 1 codespace root 8418 Aug 22 10:36 /workspaces/cdk/aggsender/db/aggsender_db_storage.go
-rw-rw-rw- 1 codespace root 13969 Aug 22 10:36 /workspaces/cdk/aggsender/db/aggsender_db_storage_test.go
-rw-rw-rw- 1 codespace root 30977 Aug 22 10:36 /workspaces/cdk/aggsender/aggsender.go
-rw-rw-rw- 1 codespace root 7967 Aug 22 10:36 /workspaces/cdk/aggsender/block_notifier_polling.go
-rw-rw-rw- 1 codespace root 2361 Aug 22 10:36 /workspaces/cdk/aggsender/rpc/aggsender_rpc_test.go
-rw-rw-rw- 1 codespace root 2124 Aug 22 10:36 /workspaces/cdk/aggsender/rpc/aggsender_rpc.go
-rw-rw-rw- 1 codespace root 8595 Aug 22 10:36 /workspaces/cdk/aggsender/epoch_notifier_per_block_test.go
-rw-rw-rw- 1 codespace root 6973 Aug 22 10:36 /workspaces/cdk/aggsender/epoch_notifier_per_block.go
-rw-rw-rw- 1 codespace root 1170 Aug 22 10:36 /workspaces/cdk/aggsender/rpcclient/client_test.go
-rw-rw-rw- 1 codespace root 1383 Aug 22 10:36 /workspaces/cdk/aggsender/rpcclient/client.go
-rw-rw-rw- 1 codespace root 119 Aug 22 10:36 /workspaces/cdk/aggsender/types/generic_subscriber.go
-rw-rw-rw- 1 codespace root 6108 Aug 22 10:36 /workspaces/cdk/aggsender/types/types.go
-rw-rw-rw- 1 codespace root 310 Aug 22 10:36 /workspaces/cdk/aggsender/types/status_test.go
-rw-rw-rw- 1 codespace root 1043 Aug 22 10:36 /workspaces/cdk/aggsender/types/status.go
-rw-rw-rw- 1 codespace root 3001 Aug 22 10:36 /workspaces/cdk/aggsender/types/certificate_build_params.go
-rw-rw-rw- 1 codespace root 596 Aug 22 10:36 /workspaces/cdk/aggsender/types/epoch_notifier.go
-rw-rw-rw- 1 codespace root 782 Aug 22 10:36 /workspaces/cdk/aggsender/types/types_test.go
-rw-rw-rw- 1 codespace root 445 Aug 22 10:36 /workspaces/cdk/aggsender/types/block_notifier.go
-rw-rw-rw- 1 codespace root 6359 Aug 22 10:36 /workspaces/cdk/aggsender/block_notifier_polling_test.go
-rw-rw-rw- 1 codespace root 2878 Aug 22 10:36 /workspaces/cdk/aggsender/config.go
-rw-rw-rw- 1 codespace root 3409 Aug 22 10:36 /workspaces/cdk/aggsender/mocks/generic_subscriber.go
-rw-rw-rw- 1 codespace root 4527 Aug 22 10:36 /workspaces/cdk/aggsender/mocks/aggsender_storer.go
-rw-rw-rw- 1 codespace root 7709 Aug 22 10:36 /workspaces/cdk/aggsender/mocks/l1_info_tree_syncer.go
-rw-rw-rw- 1 codespace root 4301 Aug 22 10:36 /workspaces/cdk/aggsender/mocks/epoch_notifier.go
-rw-rw-rw- 1 codespace root 13374 Aug 22 10:36 /workspaces/cdk/aggsender/mocks/l2_bridge_syncer.go
-rw-rw-rw- 1 codespace root 11417 Aug 22 10:36 /workspaces/cdk/aggsender/mocks/logger.go
-rw-rw-rw- 1 codespace root 4267 Aug 22 10:36 /workspaces/cdk/aggsender/mocks/eth_client.go
-rw-rw-rw- 1 codespace root 11996 Aug 22 10:36 /workspaces/cdk/aggsender/mocks/agg_sender_storage.go
-rw-rw-rw- 1 codespace root 2123 Aug 22 10:36 /workspaces/cdk/aggsender/mocks/aggsender_interface.go
-rw-rw-rw- 1 codespace root 3334 Aug 22 10:36 /workspaces/cdk/aggsender/mocks/block_notifier.go
-rw-rw-rw- 1 codespace root 72306 Aug 22 10:36 /workspaces/cdk/aggsender/aggsender_test.go
-rw-rw-rw- 1 codespace root 639 Aug 22 10:36 /workspaces/cdk/aggsender/generic_subscriber_impl.go
-rw-rw-rw- 1 codespace root 2365 Aug 22 10:36 /workspaces/cdk/reorgdetector/types.go
-rw-rw-rw- 1 codespace root 344 Aug 22 10:36 /workspaces/cdk/reorgdetector/migrations/migrations.go
-rw-rw-rw- 1 codespace root 9323 Aug 22 10:36 /workspaces/cdk/reorgdetector/reorgdetector_test.go
-rw-rw-rw- 1 codespace root 6802 Aug 22 10:36 /workspaces/cdk/reorgdetector/mock_eth_client.go
-rw-rw-rw- 1 codespace root 6598 Aug 22 10:36 /workspaces/cdk/reorgdetector/reorgdetector.go
-rw-rw-rw- 1 codespace root 716 Aug 22 10:36 /workspaces/cdk/reorgdetector/config.go
-rw-rw-rw- 1 codespace root 2829 Aug 22 10:36 /workspaces/cdk/reorgdetector/types_test.go
-rw-rw-rw- 1 codespace root 1497 Aug 22 10:36 /workspaces/cdk/reorgdetector/reorgdetector_sub.go
-rw-rw-rw- 1 codespace root 2358 Aug 22 10:36 /workspaces/cdk/reorgdetector/reorgdetector_db.go
-rw-rw-rw- 1 codespace root 871 Aug 22 10:36 /workspaces/cdk/version_test.go
-rwxrwxrwx 1 codespace root 234 Aug 22 10:36 /workspaces/cdk/test/contracts/bind.sh
-rw-rw-rw- 1 codespace root 44841 Aug 22 10:36 /workspaces/cdk/test/contracts/transparentupgradableproxy/transparentupgradableproxy.go
-rw-rw-rw- 1 codespace root 5031 Aug 22 10:36 /workspaces/cdk/test/contracts/claimmockcaller/ClaimMockCaller.sol
-rw-rw-rw- 1 codespace root 25939 Aug 22 10:36 /workspaces/cdk/test/contracts/claimmockcaller/claimmockcaller.go
-rw-rw-rw- 1 codespace root 20895 Aug 22 10:36 /workspaces/cdk/test/contracts/claimmocktest/claimmocktest.go
-rw-rw-rw- 1 codespace root 2961 Aug 22 10:36 /workspaces/cdk/test/contracts/claimmocktest/ClaimMockTest.sol
-rw-rw-rw- 1 codespace root 38602 Aug 22 10:36 /workspaces/cdk/test/contracts/verifybatchesmock/verifybatchesmock.go
-rw-rw-rw- 1 codespace root 5208 Aug 22 10:36 /workspaces/cdk/test/contracts/verifybatchesmock/VerifyBatchesMock.sol
-rwxrwxrwx 1 codespace root 1306 Aug 22 10:36 /workspaces/cdk/test/contracts/compile.sh
-rw-rw-rw- 1 codespace root 1776 Aug 22 10:36 /workspaces/cdk/test/contracts/claimmock/ClaimMock.sol
-rw-rw-rw- 1 codespace root 23717 Aug 22 10:36 /workspaces/cdk/test/contracts/claimmock/claimmock.go
-rw-rw-rw- 1 codespace root 29119 Aug 22 10:36 /workspaces/cdk/test/contracts/erc1967proxy/erc1967proxy.go
-rwxrwxrwx 1 codespace root 1029 Aug 22 10:36 /workspaces/cdk/test/run-e2e.sh
-rw-rw-rw- 1 codespace root 626 Aug 22 10:36 /workspaces/cdk/test/testutils/utils.go
-rwxrwxrwx 1 codespace root 2495 Aug 22 10:36 /workspaces/cdk/test/run-e2e-multi_pp.sh
-rw-rw-rw- 1 codespace codespace 1474 Aug 22 12:48 /workspaces/cdk/test/poison/src/PolygonZkEVMGlobalExitRootL2.sol
-rw-rw-rw- 1 codespace codespace 621 Aug 22 12:48 /workspaces/cdk/test/poison/src/interfaces/IPolygonRollupBase.sol
-rw-rw-rw- 1 codespace codespace 293 Aug 22 12:48 /workspaces/cdk/test/poison/src/interfaces/IDataAvailabilityProtocol.sol
-rw-rw-rw- 1 codespace codespace 1099 Aug 22 12:48 /workspaces/cdk/test/poison/src/interfaces/IPolygonDataCommitteeErrors.sol
-rw-rw-rw- 1 codespace codespace 273 Aug 22 12:48 /workspaces/cdk/test/poison/src/interfaces/IVerifierRollup.sol
-rw-rw-rw- 1 codespace codespace 391 Aug 22 12:48 /workspaces/cdk/test/poison/src/interfaces/IBasePolygonZkEVMGlobalExitRoot.sol
-rw-rw-rw- 1 codespace codespace 2875 Aug 22 12:48 /workspaces/cdk/test/poison/src/interfaces/IPolygonZkEVMBridge.sol
-rw-rw-rw- 1 codespace codespace 6920 Aug 22 12:48 /workspaces/cdk/test/poison/src/interfaces/IPolygonRollupManager.sol
-rw-rw-rw- 1 codespace codespace 1756 Aug 22 12:59 /workspaces/cdk/test/poison/src/interfaces/IPolygonZkEVMVEtrogErrors.sol
-rw-rw-rw- 1 codespace codespace 5954 Aug 22 12:48 /workspaces/cdk/test/poison/src/interfaces/IPolygonZkEVMErrors.sol
-rw-rw-rw- 1 codespace codespace 318 Aug 22 12:48 /workspaces/cdk/test/poison/src/interfaces/IBridgeMessageReceiver.sol
-rw-rw-rw- 1 codespace codespace 414 Aug 22 12:59 /workspaces/cdk/test/poison/src/interfaces/IPolygonZkEVMGlobalExitRootV2.sol
-rw-rw-rw- 1 codespace codespace 259 Aug 22 12:48 /workspaces/cdk/test/poison/src/interfaces/IPolygonZkEVMGlobalExitRoot.sol
-rw-rw-rw- 1 codespace codespace 4289 Aug 22 12:59 /workspaces/cdk/test/poison/src/interfaces/IPolygonZkEVMBridgeV2.sol
-rw-rw-rw- 1 codespace codespace 379 Aug 22 12:48 /workspaces/cdk/test/poison/src/interfaces/IPolygonValidium.sol
-rw-rw-rw- 1 codespace codespace 2552 Aug 22 19:36 /workspaces/cdk/test/poison/src/Poison.sol
-rw-rw-rw- 1 codespace codespace 54670 Aug 22 12:48 /workspaces/cdk/test/poison/src/vendor/PolygonZkEVMBridgeV2.sol
-rw-rw-rw- 1 codespace codespace 69793 Aug 22 12:48 /workspaces/cdk/test/poison/src/vendor/PolygonRollupManager.sol
-rw-rw-rw- 1 codespace codespace 2542 Aug 22 12:48 /workspaces/cdk/test/poison/src/vendor/PolygonRollupManagerNotUpgraded.sol
-rw-rw-rw- 1 codespace codespace 621 Aug 22 12:48 /workspaces/cdk/test/poison/src/vendor/interfaces/IPolygonRollupBase.sol
-rw-rw-rw- 1 codespace codespace 293 Aug 22 12:48 /workspaces/cdk/test/poison/src/vendor/interfaces/IDataAvailabilityProtocol.sol
-rw-rw-rw- 1 codespace codespace 1099 Aug 22 12:48 /workspaces/cdk/test/poison/src/vendor/interfaces/IPolygonDataCommitteeErrors.sol
-rw-rw-rw- 1 codespace codespace 6920 Aug 22 12:48 /workspaces/cdk/test/poison/src/vendor/interfaces/IPolygonRollupManager.sol
-rw-rw-rw- 1 codespace codespace 1771 Aug 22 12:48 /workspaces/cdk/test/poison/src/vendor/interfaces/IPolygonZkEVMVEtrogErrors.sol
-rw-rw-rw- 1 codespace codespace 429 Aug 22 12:48 /workspaces/cdk/test/poison/src/vendor/interfaces/IPolygonZkEVMGlobalExitRootV2.sol
-rw-rw-rw- 1 codespace codespace 4304 Aug 22 12:48 /workspaces/cdk/test/poison/src/vendor/interfaces/IPolygonZkEVMBridgeV2.sol
-rw-rw-rw- 1 codespace codespace 379 Aug 22 12:48 /workspaces/cdk/test/poison/src/vendor/interfaces/IPolygonValidium.sol
-rw-rw-rw- 1 codespace codespace 4991 Aug 22 12:48 /workspaces/cdk/test/poison/src/vendor/PolygonZkEVMGlobalExitRootV2.sol
-rw-rw-rw- 1 codespace codespace 7660 Aug 22 12:48 /workspaces/cdk/test/poison/src/vendor/consensus/validium/PolygonDataCommittee.sol
-rw-rw-rw- 1 codespace codespace 12848 Aug 22 12:48 /workspaces/cdk/test/poison/src/vendor/consensus/validium/PolygonValidiumEtrog.sol
-rw-rw-rw- 1 codespace codespace 5027 Aug 22 12:48 /workspaces/cdk/test/poison/src/vendor/consensus/zkEVM/PolygonZkEVMExistentEtrog.sol
-rw-rw-rw- 1 codespace codespace 1400 Aug 22 12:48 /workspaces/cdk/test/poison/src/vendor/consensus/zkEVM/PolygonZkEVMEtrog.sol
-rw-rw-rw- 1 codespace root 2406 Aug 22 10:36 /workspaces/cdk/test/docker-compose.yml
-rw-rw-rw- 1 codespace root 9375 Aug 22 10:36 /workspaces/cdk/test/bats/fep/basic-e2e.bats
-rw-rw-rw- 1 codespace root 247 Aug 22 10:36 /workspaces/cdk/test/bats/fep/e2e.bats
-rw-rw-rw- 1 codespace root 3990 Aug 22 10:36 /workspaces/cdk/test/bats/fep/access-list-e2e.bats
-rw-rw-rw- 1 codespace root 8284 Aug 22 10:36 /workspaces/cdk/test/bats/fep/bridge-e2e.bats
-rw-rw-rw- 1 codespace root 3315 Aug 22 10:36 /workspaces/cdk/test/bats/pp-multi/bridge-l2_to_l2-e2e.bats
-rw-rw-rw- 1 codespace root 3163 Aug 22 10:36 /workspaces/cdk/test/bats/pp/bridge-e2e-msg.bats
-rw-rw-rw- 1 codespace root 1061 Aug 22 10:36 /workspaces/cdk/test/bats/pp/e2e-pp.bats
-rw-rw-rw- 1 codespace root 3523 Aug 22 10:36 /workspaces/cdk/test/bats/pp/bridge-e2e.bats
-rwxrwxrwx 1 codespace root 1365 Aug 22 10:36 /workspaces/cdk/test/scripts/batch_verification_monitor.sh
-rwxrwxrwx 1 codespace root 2994 Aug 22 10:36 /workspaces/cdk/test/scripts/agglayer_certificates_monitor.sh
-rw-rw-rw- 1 codespace root 219 Aug 22 10:36 /workspaces/cdk/test/scripts/env.sh
-rw-rw-rw- 1 codespace root 782 Aug 22 10:36 /workspaces/cdk/test/scripts/shared.sh
-rw-rw-rw- 1 codespace root 615 Aug 22 10:36 /workspaces/cdk/test/vectors/l1infotree.go
-rw-rw-rw- 1 codespace root 2556 Aug 22 10:36 /workspaces/cdk/test/combinations/fork12-pessimistic-multi-attach-second-cdk.yml
-rw-rw-rw- 1 codespace root 397 Aug 22 10:36 /workspaces/cdk/test/combinations/fork12-cdk-validium.yml
-rw-rw-rw- 1 codespace root 657 Aug 22 10:36 /workspaces/cdk/test/combinations/fork12-pessimistic-multi.yml
-rw-rw-rw- 1 codespace root 796 Aug 22 10:36 /workspaces/cdk/test/combinations/fork12-pessimistic.yml
-rw-rw-rw- 1 codespace root 391 Aug 22 10:36 /workspaces/cdk/test/combinations/fork12-rollup.yml
-rw-rw-rw- 1 codespace root 523 Aug 22 10:36 /workspaces/cdk/test/combinations/fork9-cdk-validium.yml
-rw-rw-rw- 1 codespace root 456 Aug 22 10:36 /workspaces/cdk/test/combinations/fork11-rollup.yml
-rw-rw-rw- 1 codespace root 756 Aug 22 10:36 /workspaces/cdk/test/helpers/wait.go
-rw-rw-rw- 1 codespace root 3420 Aug 22 10:36 /workspaces/cdk/test/helpers/ethtxmanmock_e2e.go
-rw-rw-rw- 1 codespace root 9447 Aug 22 10:36 /workspaces/cdk/test/helpers/mock_ethtxmanager.go
-rw-rw-rw- 1 codespace root 4939 Aug 22 10:36 /workspaces/cdk/test/helpers/simulated.go
-rw-rw-rw- 1 codespace root 1060 Aug 22 10:36 /workspaces/cdk/test/helpers/reorg.go
-rw-rw-rw- 1 codespace root 10326 Aug 22 10:36 /workspaces/cdk/test/helpers/e2e.go

[2] Mengecek jejak di VS Code Local History...

[3] Mengecek file log atau history tersembunyi lainnya...
DITEMUKAN JEJAK DI: /home/codespace/.bash_history
{ echo "════════════════════════════════════════════════════════"; echo "  MENCARI JEJAK POC YANG HILANG"; echo "════════════════════════════════════════════════════════";  echo -e "\n[1] Mengecek Terminal History (~/.bash_history / ~/.zsh_history)..."; grep -iE "docker|poc|cast|poison|bridge|compose|init-l1" ~/.bash_history 2>/dev/null; grep -iE "docker|poc|cast|poison|bridge|compose|init-l1" ~/.zsh_history 2>/dev/null; sudo grep -iE "docker|poc|cast|poison|bridge|compose|init-l1" /root/.bash_history 2>/dev/null;  echo -e "\n[2] Mengecek Docker Images yang Pernah Dibuat (di luar image kurtosis/geth)..."; docker images --format "{{.Repository}}:{{.Tag}} - Dibuat: {{.CreatedAt}}" 2>/dev/null | grep -v -iE "kurtosis|ethereum/client-go|postgres|agglayer|toolbox";  echo -e "\n[3] Mengecek Container yang Pernah Berjalan (termasuk yang mati)..."; docker ps -a --format "Container: {{.Names}} | Image: {{.Image}} | Status: {{.Status}}" 2>/dev/null | grep -v -iE "kurtosis";  echo -e "\n[4] Mencari File .sh atau .yml PoC di Folder /workspaces..."; find /workspaces -type f \( -name "docker-compose*.yml" -o -name "poc*.yml" -o -name "poc*.sh" -o -name "init-l1.sh" \) -mtime -30 2>/dev/null;  echo -e "\n[5] Mengecek VS Code Local History (Mencari file yang mengandung keyword racun)..."
grep -rl -iE "poison|claim-calldata|cdk-node|init-l1" ~/.vscode-remote/data/User/History/ 2>/dev/null | head -10;  echo -e "\n════════════════════════════════════════════════════════"; echo "  Pencarian Selesai. Cek output di atas atau buka file: recover-poc.log"; echo "════════════════════════════════════════════════════════"; } 2>&1 | tee recover-poc.log
{ echo "════════════════════════════════════════════════════════"; echo "  MENCARI JEJAK POC YANG HILANG"; echo "════════════════════════════════════════════════════════";  echo -e "\n[1] Mengecek Terminal History (~/.bash_history / ~/.zsh_history)..."; grep -iE "docker|poc|cast|poison|bridge|compose|init-l1" ~/.bash_history 2>/dev/null; grep -iE "docker|poc|cast|poison|bridge|compose|init-l1" ~/.zsh_history 2>/dev/null; sudo grep -iE "docker|poc|cast|poison|bridge|compose|init-l1" /root/.bash_history 2>/dev/null;  echo -e "\n[2] Mengecek Docker Images yang Pernah Dibuat (di luar image kurtosis/geth)..."; docker images --format "{{.Repository}}:{{.Tag}} - Dibuat: {{.CreatedAt}}" 2>/dev/null | grep -v -iE "kurtosis|ethereum/client-go|postgres|agglayer|toolbox";  echo -e "\n[3] Mengecek Container yang Pernah Berjalan (termasuk yang mati)..."; docker ps -a --format "Container: {{.Names}} | Image: {{.Image}} | Status: {{.Status}}" 2>/dev/null | grep -v -iE "kurtosis";  echo -e "\n[4] Mencari File .sh atau .yml PoC di Folder /workspaces..."; find /workspaces -type f \( -name "docker-compose*.yml" -o -name "poc*.yml" -o -name "poc*.sh" -o -name "init-l1.sh" \) -mtime -30 2>/dev/null;  echo -e "\n[5] Mengecek VS Code Local History (Mencari file yang mengandung keyword racun)..."
grep -rl -iE "poison|claim-calldata|cdk-node|init-l1" ~/.vscode-remote/data/User/History/ 2>/dev/null | head -10;  echo -e "\n════════════════════════════════════════════════════════"; echo "  Pencarian Selesai. Cek output di atas atau buka file: recover-poc.log"; echo "════════════════════════════════════════════════════════"; } 2>&1 | tee recover-poc.log
DITEMUKAN JEJAK DI: /home/codespace/.local/lib/python3.12/site-packages/IPython/core/history.py
from typing import cast
                        **cast(dict[str, t.Any], hm().connection_options),  # type: ignore [union-attr]
DITEMUKAN JEJAK DI: /home/codespace/.local/lib/python3.12/site-packages/IPython/core/__pycache__/history.cpython-312.pyc
grep: /home/codespace/.local/lib/python3.12/site-packages/IPython/core/__pycache__/history.cpython-312.pyc: binary file matches
DITEMUKAN JEJAK DI: /workspaces/cdk/history-tanggal-21.log
-rw-rw-rw- 1 codespace root 7204 Aug 22 10:36 /workspaces/cdk/bridgesync/bridgesync.go
-rw-rw-rw- 1 codespace root 11336 Aug 22 10:36 /workspaces/cdk/bridgesync/processor.go
-rw-rw-rw- 1 codespace root 8838 Aug 22 10:36 /workspaces/cdk/bridgesync/downloader.go
-rw-rw-rw- 1 codespace root 460 Aug 22 10:36 /workspaces/cdk/bridgesync/migrations/migrations.go
-rw-rw-rw- 1 codespace root 1246 Aug 22 10:36 /workspaces/cdk/bridgesync/migrations/bridgesync0001_test.go
-rw-rw-rw- 1 codespace root 56390 Aug 22 10:36 /workspaces/cdk/bridgesync/claimcalldata_test.go
-rw-rw-rw- 1 codespace root 3435 Aug 22 10:36 /workspaces/cdk/bridgesync/e2e_test.go
-rw-rw-rw- 1 codespace root 1607 Aug 22 10:36 /workspaces/cdk/bridgesync/config.go
-rw-rw-rw- 1 codespace root 536 Aug 22 10:36 /workspaces/cdk/bridgesync/docker-compose.yml
-rw-rw-rw- 1 codespace root 4426 Aug 22 10:36 /workspaces/cdk/bridgesync/mocks/reorg_detector.go
-rw-rw-rw- 1 codespace root 35652 Aug 22 10:36 /workspaces/cdk/bridgesync/mocks/eth_clienter.go
-rw-rw-rw- 1 codespace root 14567 Aug 22 10:36 /workspaces/cdk/bridgesync/mock_l2_test.go
-rw-rw-rw- 1 codespace root 4019 Aug 22 10:36 /workspaces/cdk/bridgesync/bridgesync_test.go
-rw-rw-rw- 1 codespace root 22910 Aug 22 10:36 /workspaces/cdk/bridgesync/processor_test.go
-rw-rw-rw- 1 codespace root 1652 Aug 22 10:36 /workspaces/cdk/rpc/bridge_interfaces.go
-rw-rw-rw- 1 codespace root 12311 Aug 22 10:36 /workspaces/cdk/rpc/bridge_test.go
-rw-rw-rw- 1 codespace root 256 Aug 22 10:36 /workspaces/cdk/rpc/types/bridge.go
-rw-rw-rw- 1 codespace root 12257 Aug 22 10:36 /workspaces/cdk/rpc/bridge.go
-rw-rw-rw- 1 codespace root 11236 Aug 22 10:36 /workspaces/cdk/rpc/mocks/bridge_client_interface.go
-rw-rw-rw- 1 codespace root 4658 Aug 22 10:36 /workspaces/cdk/rpc/mocks/bridger.go
-rw-rw-rw- 1 codespace root 3870 Aug 22 10:36 /workspaces/cdk/rpc/client/bridge.go
-rw-rw-rw- 1 codespace root 3577 Aug 22 10:36 /workspaces/cdk/tools/aggsender_find_imported_bridge/aggsender_find_imported_bridge.go
-rw-rw-rw- 1 codespace root 13374 Aug 22 10:36 /workspaces/cdk/aggsender/mocks/l2_bridge_syncer.go
-rw-rw-rw- 1 codespace codespace 1474 Aug 22 12:48 /workspaces/cdk/test/poison/src/PolygonZkEVMGlobalExitRootL2.sol
-rw-rw-rw- 1 codespace codespace 621 Aug 22 12:48 /workspaces/cdk/test/poison/src/interfaces/IPolygonRollupBase.sol
-rw-rw-rw- 1 codespace codespace 293 Aug 22 12:48 /workspaces/cdk/test/poison/src/interfaces/IDataAvailabilityProtocol.sol
-rw-rw-rw- 1 codespace codespace 1099 Aug 22 12:48 /workspaces/cdk/test/poison/src/interfaces/IPolygonDataCommitteeErrors.sol
-rw-rw-rw- 1 codespace codespace 273 Aug 22 12:48 /workspaces/cdk/test/poison/src/interfaces/IVerifierRollup.sol
-rw-rw-rw- 1 codespace codespace 391 Aug 22 12:48 /workspaces/cdk/test/poison/src/interfaces/IBasePolygonZkEVMGlobalExitRoot.sol
-rw-rw-rw- 1 codespace codespace 2875 Aug 22 12:48 /workspaces/cdk/test/poison/src/interfaces/IPolygonZkEVMBridge.sol
-rw-rw-rw- 1 codespace codespace 6920 Aug 22 12:48 /workspaces/cdk/test/poison/src/interfaces/IPolygonRollupManager.sol
-rw-rw-rw- 1 codespace codespace 1756 Aug 22 12:59 /workspaces/cdk/test/poison/src/interfaces/IPolygonZkEVMVEtrogErrors.sol
-rw-rw-rw- 1 codespace codespace 5954 Aug 22 12:48 /workspaces/cdk/test/poison/src/interfaces/IPolygonZkEVMErrors.sol
-rw-rw-rw- 1 codespace codespace 318 Aug 22 12:48 /workspaces/cdk/test/poison/src/interfaces/IBridgeMessageReceiver.sol
-rw-rw-rw- 1 codespace codespace 414 Aug 22 12:59 /workspaces/cdk/test/poison/src/interfaces/IPolygonZkEVMGlobalExitRootV2.sol
-rw-rw-rw- 1 codespace codespace 259 Aug 22 12:48 /workspaces/cdk/test/poison/src/interfaces/IPolygonZkEVMGlobalExitRoot.sol
-rw-rw-rw- 1 codespace codespace 4289 Aug 22 12:59 /workspaces/cdk/test/poison/src/interfaces/IPolygonZkEVMBridgeV2.sol
-rw-rw-rw- 1 codespace codespace 379 Aug 22 12:48 /workspaces/cdk/test/poison/src/interfaces/IPolygonValidium.sol
-rw-rw-rw- 1 codespace codespace 2552 Aug 22 19:36 /workspaces/cdk/test/poison/src/Poison.sol
-rw-rw-rw- 1 codespace codespace 54670 Aug 22 12:48 /workspaces/cdk/test/poison/src/vendor/PolygonZkEVMBridgeV2.sol
-rw-rw-rw- 1 codespace codespace 69793 Aug 22 12:48 /workspaces/cdk/test/poison/src/vendor/PolygonRollupManager.sol
-rw-rw-rw- 1 codespace codespace 2542 Aug 22 12:48 /workspaces/cdk/test/poison/src/vendor/PolygonRollupManagerNotUpgraded.sol
-rw-rw-rw- 1 codespace codespace 621 Aug 22 12:48 /workspaces/cdk/test/poison/src/vendor/interfaces/IPolygonRollupBase.sol
-rw-rw-rw- 1 codespace codespace 293 Aug 22 12:48 /workspaces/cdk/test/poison/src/vendor/interfaces/IDataAvailabilityProtocol.sol
-rw-rw-rw- 1 codespace codespace 1099 Aug 22 12:48 /workspaces/cdk/test/poison/src/vendor/interfaces/IPolygonDataCommitteeErrors.sol
-rw-rw-rw- 1 codespace codespace 6920 Aug 22 12:48 /workspaces/cdk/test/poison/src/vendor/interfaces/IPolygonRollupManager.sol
-rw-rw-rw- 1 codespace codespace 1771 Aug 22 12:48 /workspaces/cdk/test/poison/src/vendor/interfaces/IPolygonZkEVMVEtrogErrors.sol
-rw-rw-rw- 1 codespace codespace 429 Aug 22 12:48 /workspaces/cdk/test/poison/src/vendor/interfaces/IPolygonZkEVMGlobalExitRootV2.sol
-rw-rw-rw- 1 codespace codespace 4304 Aug 22 12:48 /workspaces/cdk/test/poison/src/vendor/interfaces/IPolygonZkEVMBridgeV2.sol
-rw-rw-rw- 1 codespace codespace 379 Aug 22 12:48 /workspaces/cdk/test/poison/src/vendor/interfaces/IPolygonValidium.sol
-rw-rw-rw- 1 codespace codespace 4991 Aug 22 12:48 /workspaces/cdk/test/poison/src/vendor/PolygonZkEVMGlobalExitRootV2.sol
-rw-rw-rw- 1 codespace codespace 7660 Aug 22 12:48 /workspaces/cdk/test/poison/src/vendor/consensus/validium/PolygonDataCommittee.sol
-rw-rw-rw- 1 codespace codespace 12848 Aug 22 12:48 /workspaces/cdk/test/poison/src/vendor/consensus/validium/PolygonValidiumEtrog.sol
-rw-rw-rw- 1 codespace codespace 5027 Aug 22 12:48 /workspaces/cdk/test/poison/src/vendor/consensus/zkEVM/PolygonZkEVMExistentEtrog.sol
-rw-rw-rw- 1 codespace codespace 1400 Aug 22 12:48 /workspaces/cdk/test/poison/src/vendor/consensus/zkEVM/PolygonZkEVMEtrog.sol
-rw-rw-rw- 1 codespace root 8284 Aug 22 10:36 /workspaces/cdk/test/bats/fep/bridge-e2e.bats
-rw-rw-rw- 1 codespace root 3315 Aug 22 10:36 /workspaces/cdk/test/bats/pp-multi/bridge-l2_to_l2-e2e.bats
-rw-rw-rw- 1 codespace root 3163 Aug 22 10:36 /workspaces/cdk/test/bats/pp/bridge-e2e-msg.bats
-rw-rw-rw- 1 codespace root 3523 Aug 22 10:36 /workspaces/cdk/test/bats/pp/bridge-e2e.bats
{ echo "════════════════════════════════════════════════════════"; echo "  MENCARI JEJAK POC YANG HILANG"; echo "════════════════════════════════════════════════════════";  echo -e "\n[1] Mengecek Terminal History (~/.bash_history / ~/.zsh_history)..."; grep -iE "docker|poc|cast|poison|bridge|compose|init-l1" ~/.bash_history 2>/dev/null; grep -iE "docker|poc|cast|poison|bridge|compose|init-l1" ~/.zsh_history 2>/dev/null; sudo grep -iE "docker|poc|cast|poison|bridge|compose|init-l1" /root/.bash_history 2>/dev/null;  echo -e "\n[2] Mengecek Docker Images yang Pernah Dibuat (di luar image kurtosis/geth)..."; docker images --format "{{.Repository}}:{{.Tag}} - Dibuat: {{.CreatedAt}}" 2>/dev/null | grep -v -iE "kurtosis|ethereum/client-go|postgres|agglayer|toolbox";  echo -e "\n[3] Mengecek Container yang Pernah Berjalan (termasuk yang mati)..."; docker ps -a --format "Container: {{.Names}} | Image: {{.Image}} | Status: {{.Status}}" 2>/dev/null | grep -v -iE "kurtosis";  echo -e "\n[4] Mencari File .sh atau .yml PoC di Folder /workspaces..."; find /workspaces -type f \( -name "docker-compose*.yml" -o -name "poc*.yml" -o -name "poc*.sh" -o -name "init-l1.sh" \) -mtime -30 2>/dev/null;  echo -e "\n[5] Mengecek VS Code Local History (Mencari file yang mengandung keyword racun)..."
grep -rl -iE "poison|claim-calldata|cdk-node|init-l1" ~/.vscode-remote/data/User/History/ 2>/dev/null | head -10;  echo -e "\n════════════════════════════════════════════════════════"; echo "  Pencarian Selesai. Cek output di atas atau buka file: recover-poc.log"; echo "════════════════════════════════════════════════════════"; } 2>&1 | tee recover-poc.log
{ echo "════════════════════════════════════════════════════════"; echo "  MENCARI JEJAK POC YANG HILANG"; echo "════════════════════════════════════════════════════════";  echo -e "\n[1] Mengecek Terminal History (~/.bash_history / ~/.zsh_history)..."; grep -iE "docker|poc|cast|poison|bridge|compose|init-l1" ~/.bash_history 2>/dev/null; grep -iE "docker|poc|cast|poison|bridge|compose|init-l1" ~/.zsh_history 2>/dev/null; sudo grep -iE "docker|poc|cast|poison|bridge|compose|init-l1" /root/.bash_history 2>/dev/null;  echo -e "\n[2] Mengecek Docker Images yang Pernah Dibuat (di luar image kurtosis/geth)..."; docker images --format "{{.Repository}}:{{.Tag}} - Dibuat: {{.CreatedAt}}" 2>/dev/null | grep -v -iE "kurtosis|ethereum/client-go|postgres|agglayer|toolbox";  echo -e "\n[3] Mengecek Container yang Pernah Berjalan (termasuk yang mati)..."; docker ps -a --format "Container: {{.Names}} | Image: {{.Image}} | Status: {{.Status}}" 2>/dev/null | grep -v -iE "kurtosis";  echo -e "\n[4] Mencari File .sh atau .yml PoC di Folder /workspaces..."; find /workspaces -type f \( -name "docker-compose*.yml" -o -name "poc*.yml" -o -name "poc*.sh" -o -name "init-l1.sh" \) -mtime -30 2>/dev/null;  echo -e "\n[5] Mengecek VS Code Local History (Mencari file yang mengandung keyword racun)..."
grep -rl -iE "poison|claim-calldata|cdk-node|init-l1" ~/.vscode-remote/data/User/History/ 2>/dev/null | head -10;  echo -e "\n════════════════════════════════════════════════════════"; echo "  Pencarian Selesai. Cek output di atas atau buka file: recover-poc.log"; echo "════════════════════════════════════════════════════════"; } 2>&1 | tee recover-poc.log
from typing import cast
                        **cast(dict[str, t.Any], hm().connection_options),  # type: ignore [union-attr]

════════════════════════════════════════════════════════
  PENCARIAN SELESAI. CEK OUTPUT DI ATAS.
════════════════════════════════════════════════════════
