═══ [1] 3 menit observasi certificate beracun ═══════
2026-08-22T19:45:00.117Z	[34mINFO[0m	aggsender/aggsender.go:234	building certificate for FromBlock: 1, ToBlock: 18658, numBridges: 3, numClaims: 1, createdAt: 1787427900 estimatedSize=8720	{"pid": 7, "version": "v0.1.0", "module": "aggsender"}
2026-08-22T19:45:00.117Z	[31mERROR[0m	aggsender/aggsender.go:160	error building certificate: error getting imported bridge exits: error getting info by global exit root: not found	{"pid": 7, "version": "v0.1.0", "module": "aggsender"}
2026-08-22T19:45:06.124Z	[34mINFO[0m	aggsender/aggsender.go:234	building certificate for FromBlock: 1, ToBlock: 18664, numBridges: 3, numClaims: 1, createdAt: 1787427906 estimatedSize=8720	{"pid": 7, "version": "v0.1.0", "module": "aggsender"}
2026-08-22T19:45:06.125Z	[31mERROR[0m	aggsender/aggsender.go:160	error building certificate: error getting imported bridge exits: error getting info by global exit root: not found	{"pid": 7, "version": "v0.1.0", "module": "aggsender"}
2026-08-22T19:45:12.132Z	[34mINFO[0m	aggsender/aggsender.go:234	building certificate for FromBlock: 1, ToBlock: 18670, numBridges: 3, numClaims: 1, createdAt: 1787427912 estimatedSize=8720	{"pid": 7, "version": "v0.1.0", "module": "aggsender"}
2026-08-22T19:45:12.133Z	[31mERROR[0m	aggsender/aggsender.go:160	error building certificate: error getting imported bridge exits: error getting info by global exit root: not found	{"pid": 7, "version": "v0.1.0", "module": "aggsender"}
2026-08-22T19:45:18.137Z	[34mINFO[0m	aggsender/aggsender.go:234	building certificate for FromBlock: 1, ToBlock: 18676, numBridges: 3, numClaims: 1, createdAt: 1787427918 estimatedSize=8720	{"pid": 7, "version": "v0.1.0", "module": "aggsender"}
2026-08-22T19:45:18.137Z	[31mERROR[0m	aggsender/aggsender.go:160	error building certificate: error getting imported bridge exits: error getting info by global exit root: not found	{"pid": 7, "version": "v0.1.0", "module": "aggsender"}
2026-08-22T19:45:24.146Z	[34mINFO[0m	aggsender/aggsender.go:234	building certificate for FromBlock: 1, ToBlock: 18683, numBridges: 3, numClaims: 1, createdAt: 1787427924 estimatedSize=8720	{"pid": 7, "version": "v0.1.0", "module": "aggsender"}
2026-08-22T19:45:24.146Z	[31mERROR[0m	aggsender/aggsender.go:160	error building certificate: error getting imported bridge exits: error getting info by global exit root: not found	{"pid": 7, "version": "v0.1.0", "module": "aggsender"}
2026-08-22T19:45:30.152Z	[34mINFO[0m	aggsender/aggsender.go:234	building certificate for FromBlock: 1, ToBlock: 18689, numBridges: 3, numClaims: 1, createdAt: 1787427930 estimatedSize=8720	{"pid": 7, "version": "v0.1.0", "module": "aggsender"}
2026-08-22T19:45:30.152Z	[31mERROR[0m	aggsender/aggsender.go:160	error building certificate: error getting imported bridge exits: error getting info by global exit root: not found	{"pid": 7, "version": "v0.1.0", "module": "aggsender"}
2026-08-22T19:45:36.159Z	[34mINFO[0m	aggsender/aggsender.go:234	building certificate for FromBlock: 1, ToBlock: 18695, numBridges: 3, numClaims: 1, createdAt: 1787427936 estimatedSize=8720	{"pid": 7, "version": "v0.1.0", "module": "aggsender"}
2026-08-22T19:45:36.159Z	[31mERROR[0m	aggsender/aggsender.go:160	error building certificate: error getting imported bridge exits: error getting info by global exit root: not found	{"pid": 7, "version": "v0.1.0", "module": "aggsender"}
2026-08-22T19:45:42.165Z	[34mINFO[0m	aggsender/aggsender.go:234	building certificate for FromBlock: 1, ToBlock: 18701, numBridges: 3, numClaims: 1, createdAt: 1787427942 estimatedSize=8720	{"pid": 7, "version": "v0.1.0", "module": "aggsender"}

═══ [2] node status (silent) ═══════
cdk-node	Up About an hour

═══ [3] certificate di filesystem (SaveCertificatesToFilesPath aktif) ═══════

═══ [4] log lengkap epoch terakhir ═══════
github.com/0xPolygon/cdk/sync.(*EVMDownloader).Download
	/workspaces/cdk/sync/evmdownloader.go:140
2026-08-22T19:51:25.890Z	[31mERROR[0m	sync/evmdownloader.go:140	error getting last finalized block: finalized block not found	{"pid": 7, "version": "v0.1.0", "syncer": "l1infotreesync"}
github.com/0xPolygon/cdk/sync.(*EVMDownloader).Download
	/workspaces/cdk/sync/evmdownloader.go:140
2026-08-22T19:51:25.891Z	[31mERROR[0m	sync/evmdownloader.go:140	error getting last finalized block: finalized block not found	{"pid": 7, "version": "v0.1.0", "syncer": "l1infotreesync"}
github.com/0xPolygon/cdk/sync.(*EVMDownloader).Download
	/workspaces/cdk/sync/evmdownloader.go:140
2026-08-22T19:51:25.891Z	[31mERROR[0m	sync/evmdownloader.go:140	error getting last finalized block: finalized block not found	{"pid": 7, "version": "v0.1.0", "syncer": "l1infotreesync"}
github.com/0xPolygon/cdk/sync.(*EVMDownloader).Download
	/workspaces/cdk/sync/evmdownloader.go:140
2026-08-22T19:51:25.892Z	[31mERROR[0m	sync/evmdownloader.go:140	error getting last finalized block: finalized block not found	{"pid": 7, "version": "v0.1.0", "syncer": "l1infotreesync"}
github.com/0xPolygon/cdk/sync.(*EVMDownloader).Download
	/workspaces/cdk/sync/evmdownloader.go:140
2026-08-22T19:51:25.892Z	[31mERROR[0m	sync/evmdownloader.go:140	error getting last finalized block: finalized block not found	{"pid": 7, "version": "v0.1.0", "syncer": "l1infotreesync"}
github.com/0xPolygon/cdk/sync.(*EVMDownloader).Download
	/workspaces/cdk/sync/evmdownloader.go:140
2026-08-22T19:51:25.893Z	[31mERROR[0m	sync/evmdownloader.go:140	error getting last finalized block: finalized block not found	{"pid": 7, "version": "v0.1.0", "syncer": "l1infotreesync"}
github.com/0xPolygon/cdk/sync.(*EVMDownloader).Download
	/workspaces/cdk/sync/evmdownloader.go:140
